<html>
<body>
<pre>
<h1>µVision Build Log</h1>
<h2>Project:</h2>
E:\temp\FreeRTOS\my_project\Proj1_test\Proj1_test.uvproj
Project File Date:  12/07/2016

<h2>Output:</h2>
Build target 'Target 1'
compiling core_cm3.c...
compiling system_stm32f10x.c...
assembling startup_stm32f10x_hd.s...
compiling misc.c...
compiling stm32f10x_adc.c...
compiling stm32f10x_bkp.c...
compiling stm32f10x_can.c...
compiling stm32f10x_cec.c...
compiling stm32f10x_crc.c...
compiling stm32f10x_dac.c...
compiling stm32f10x_dbgmcu.c...
compiling stm32f10x_dma.c...
compiling stm32f10x_exti.c...
compiling stm32f10x_flash.c...
compiling stm32f10x_fsmc.c...
compiling stm32f10x_gpio.c...
compiling stm32f10x_i2c.c...
compiling stm32f10x_iwdg.c...
compiling stm32f10x_pwr.c...
compiling stm32f10x_rcc.c...
compiling stm32f10x_rtc.c...
compiling stm32f10x_sdio.c...
compiling stm32f10x_spi.c...
compiling stm32f10x_tim.c...
compiling stm32f10x_usart.c...
compiling stm32f10x_wwdg.c...
compiling croutine.c...
.\FreeRTOS\include\FreeRTOS.h(98): error:  #5: cannot open source input file "FreeRTOSConfig.h": No such file or directory
compiling event_groups.c...
.\FreeRTOS\include\FreeRTOS.h(98): error:  #5: cannot open source input file "FreeRTOSConfig.h": No such file or directory
compiling list.c...
.\FreeRTOS\include\FreeRTOS.h(98): error:  #5: cannot open source input file "FreeRTOSConfig.h": No such file or directory
compiling queue.c...
.\FreeRTOS\include\FreeRTOS.h(98): error:  #5: cannot open source input file "FreeRTOSConfig.h": No such file or directory
compiling tasks.c...
.\FreeRTOS\include\FreeRTOS.h(98): error:  #5: cannot open source input file "FreeRTOSConfig.h": No such file or directory
compiling timers.c...
.\FreeRTOS\include\FreeRTOS.h(98): error:  #5: cannot open source input file "FreeRTOSConfig.h": No such file or directory
compiling heap_2.c...
.\FreeRTOS\include\FreeRTOS.h(98): error:  #5: cannot open source input file "FreeRTOSConfig.h": No such file or directory
compiling port.c...
.\FreeRTOS\include\FreeRTOS.h(98): error:  #5: cannot open source input file "FreeRTOSConfig.h": No such file or directory
compiling beep.c...
compiling delay.c...
compiling lcd.c...
compiling main.c...
.\FreeRTOS\include\freertos.h(98): error:  #5: cannot open source input file "FreeRTOSConfig.h": No such file or directory
compiling stm32f10x_it.c...
compiling usart.c...
Target not created
Build target 'Target 1'
compiling core_cm3.c...
compiling system_stm32f10x.c...
compiling misc.c...
compiling stm32f10x_adc.c...
compiling stm32f10x_bkp.c...
compiling stm32f10x_can.c...
compiling stm32f10x_cec.c...
compiling stm32f10x_crc.c...
compiling stm32f10x_dac.c...
compiling stm32f10x_dbgmcu.c...
compiling stm32f10x_dma.c...
compiling stm32f10x_exti.c...
compiling stm32f10x_flash.c...
compiling stm32f10x_fsmc.c...
compiling stm32f10x_gpio.c...
compiling stm32f10x_i2c.c...
compiling stm32f10x_iwdg.c...
compiling stm32f10x_pwr.c...
compiling stm32f10x_rcc.c...
compiling stm32f10x_rtc.c...
compiling stm32f10x_sdio.c...
compiling stm32f10x_spi.c...
compiling stm32f10x_tim.c...
compiling stm32f10x_usart.c...
compiling stm32f10x_wwdg.c...
compiling croutine.c...
compiling event_groups.c...
compiling list.c...
compiling queue.c...
compiling tasks.c...
compiling timers.c...
compiling heap_2.c...
compiling port.c...
compiling beep.c...
compiling delay.c...
compiling lcd.c...
compiling main.c...
USER\main.c(21): warning:  #1295-D: Deprecated declaration my_task2 - give arg types
USER\main.c(29): warning:  #167-D: argument of type "void (*)(void)" is incompatible with parameter of type "TaskFunction_t"
compiling stm32f10x_it.c...
compiling usart.c...
linking...
Program Size: Code=8908 RO-data=336 RW-data=132 ZI-data=18636  
FromELF: creating hex file...
".\OBJ\Proj1_test.axf" - 0 Error(s), 2 Warning(s).
Build target 'Target 1'
compiling delay.c...
compiling lcd.c...
USER\lcd.c(52): warning:  #223-D: function "Delay_us" declared implicitly
USER\lcd.c(1862): warning:  #223-D: function "Delay_us" declared implicitly
compiling main.c...
USER\main.c(21): warning:  #1295-D: Deprecated declaration my_task2 - give arg types
USER\main.c(29): warning:  #167-D: argument of type "void (*)(void)" is incompatible with parameter of type "TaskFunction_t"
compiling stm32f10x_it.c...
linking...
.\OBJ\Proj1_test.axf: Error: L6218E: Undefined symbol Delay_us (referred from lcd.o).
Target not created
compiling lcd.c...
USER\lcd.c - 0 Error(s), 0 Warning(s).
Build target 'Target 1'
compiling delay.c...
compiling main.c...
USER\main.c(21): warning:  #1295-D: Deprecated declaration my_task2 - give arg types
USER\main.c(29): warning:  #167-D: argument of type "void (*)(void)" is incompatible with parameter of type "TaskFunction_t"
compiling stm32f10x_it.c...
linking...
Program Size: Code=12896 RO-data=336 RW-data=132 ZI-data=18636  
FromELF: creating hex file...
".\OBJ\Proj1_test.axf" - 0 Error(s), 2 Warning(s).
compiling uart.c...
USER\uart.c - 0 Error(s), 0 Warning(s).
Build target 'Target 1'
compiling main.c...
USER\main.c(4): error:  #5: cannot open source input file "usart.h": No such file or directory
Target not created
Build target 'Target 1'
compiling main.c...
USER\main.c(21): warning:  #1295-D: Deprecated declaration my_task2 - give arg types
USER\main.c(30): warning:  #167-D: argument of type "void (*)(void)" is incompatible with parameter of type "TaskFunction_t"
linking...
Program Size: Code=13880 RO-data=336 RW-data=136 ZI-data=18632  
FromELF: creating hex file...
".\OBJ\Proj1_test.axf" - 0 Error(s), 2 Warning(s).
Build target 'Target 1'
compiling delay.c...
linking...
Program Size: Code=13880 RO-data=336 RW-data=136 ZI-data=18632  
FromELF: creating hex file...
".\OBJ\Proj1_test.axf" - 0 Error(s), 0 Warning(s).
Build target 'Target 1'
compiling stm32f10x_it.c...
linking...
Program Size: Code=13876 RO-data=336 RW-data=136 ZI-data=18632  
FromELF: creating hex file...
".\OBJ\Proj1_test.axf" - 0 Error(s), 0 Warning(s).
Build target 'Target 1'
compiling main.c...
USER\main.c(21): warning:  #1295-D: Deprecated declaration my_task2 - give arg types
USER\main.c(30): warning:  #167-D: argument of type "void (*)(void)" is incompatible with parameter of type "TaskFunction_t"
linking...
Program Size: Code=13896 RO-data=336 RW-data=136 ZI-data=18632  
FromELF: creating hex file...
".\OBJ\Proj1_test.axf" - 0 Error(s), 2 Warning(s).
Build target 'Target 1'
compiling delay.c...
linking...
Program Size: Code=13896 RO-data=336 RW-data=136 ZI-data=18632  
FromELF: creating hex file...
".\OBJ\Proj1_test.axf" - 0 Error(s), 0 Warning(s).
Build target 'Target 1'
linking...
Program Size: Code=13896 RO-data=336 RW-data=136 ZI-data=18632  
FromELF: creating hex file...
".\OBJ\Proj1_test.axf" - 0 Error(s), 0 Warning(s).
