<html>
<body>
<pre>
<h1>µVision Build Log</h1>
<h2>Project:</h2>
E:\temp\Proj4_FreeRTOS\Proj4_FreeRTOS.uvproj
Project File Date:  10/19/2016

<h2>Output:</h2>
compiling main.c...
.\CMSIS\stm32f10x.h(96): error:  #35: #error directive: "Please select first the target STM32F10x device used in your application (in stm32f10x.h file)"
USER\main.c - 1 Error(s), 0 Warning(s).
compiling main.c...
USER\main.c(46): warning:  #1-D: last line of file ends without a newline
USER\main.c - 0 Error(s), 1 Warning(s).
compiling main.c...
USER\main.c(46): warning:  #1-D: last line of file ends without a newline
USER\main.c - 0 Error(s), 1 Warning(s).
Build target 'Target 1'
compiling core_cm3.c...
compiling system_stm32f10x.c...
assembling startup_stm32f10x_hd.s...
compiling misc.c...
compiling stm32f10x_adc.c...
compiling stm32f10x_bkp.c...
compiling stm32f10x_can.c...
compiling stm32f10x_cec.c...
compiling stm32f10x_crc.c...
compiling stm32f10x_dac.c...
compiling stm32f10x_dbgmcu.c...
compiling stm32f10x_dma.c...
compiling stm32f10x_exti.c...
compiling stm32f10x_flash.c...
compiling stm32f10x_fsmc.c...
compiling stm32f10x_gpio.c...
compiling stm32f10x_i2c.c...
compiling stm32f10x_iwdg.c...
compiling stm32f10x_pwr.c...
compiling stm32f10x_rcc.c...
compiling stm32f10x_rtc.c...
compiling stm32f10x_sdio.c...
compiling stm32f10x_spi.c...
compiling stm32f10x_tim.c...
compiling stm32f10x_usart.c...
compiling stm32f10x_wwdg.c...
compiling beep.c...
compiling delay.c...
compiling lcd.c...
compiling stm32f10x_it.c...
USER\stm32f10x_it.c(137): warning:  #223-D: function "TimingDelay_Decrement" declared implicitly
compiling usart.c...
linking...
Program Size: Code=26992 RO-data=3048 RW-data=60 ZI-data=1900  
FromELF: creating hex file...
".\OBJ\Proj4_FreeRTOS.axf" - 0 Error(s), 1 Warning(s).
