<html>
<body>
<pre>
<h1>µVision Build Log</h1>
<h2>Project:</h2>
F:\temp\FreeRTOS\my_project\Proj1_test\Proj1_test.uvproj
Project File Date:  12/07/2016

<h2>Output:</h2>
Build target 'Target 1'
compiling core_cm3.c...
compiling system_stm32f10x.c...
compiling misc.c...
compiling stm32f10x_adc.c...
compiling stm32f10x_bkp.c...
compiling stm32f10x_can.c...
compiling stm32f10x_cec.c...
compiling stm32f10x_crc.c...
compiling stm32f10x_dac.c...
compiling stm32f10x_dbgmcu.c...
compiling stm32f10x_dma.c...
compiling stm32f10x_exti.c...
compiling stm32f10x_flash.c...
compiling stm32f10x_fsmc.c...
compiling stm32f10x_gpio.c...
compiling stm32f10x_i2c.c...
compiling stm32f10x_iwdg.c...
compiling stm32f10x_pwr.c...
compiling stm32f10x_rcc.c...
compiling stm32f10x_rtc.c...
compiling stm32f10x_sdio.c...
compiling stm32f10x_spi.c...
compiling stm32f10x_tim.c...
compiling stm32f10x_usart.c...
compiling stm32f10x_wwdg.c...
compiling croutine.c...
compiling event_groups.c...
compiling list.c...
compiling queue.c...
compiling tasks.c...
compiling timers.c...
compiling heap_2.c...
compiling port.c...
compiling beep.c...
compiling delay.c...
compiling lcd.c...
compiling main.c...
USER\main.c(23): warning:  #1295-D: Deprecated declaration my_task1 - give arg types
compiling stm32f10x_it.c...
compiling uart.c...
linking...
Program Size: Code=13872 RO-data=336 RW-data=136 ZI-data=18672  
FromELF: creating hex file...
".\OBJ\Proj1_test.axf" - 0 Error(s), 1 Warning(s).
Build target 'Target 1'
compiling main.c...
USER\main.c(23): warning:  #1295-D: Deprecated declaration my_task1 - give arg types
linking...
Program Size: Code=13896 RO-data=336 RW-data=136 ZI-data=18672  
FromELF: creating hex file...
".\OBJ\Proj1_test.axf" - 0 Error(s), 1 Warning(s).
Build target 'Target 1'
compiling main.c...
USER\main.c(23): warning:  #1295-D: Deprecated declaration my_task1 - give arg types
linking...
Program Size: Code=14016 RO-data=336 RW-data=136 ZI-data=18672  
FromELF: creating hex file...
".\OBJ\Proj1_test.axf" - 0 Error(s), 1 Warning(s).
Build target 'Target 1'
compiling main.c...
USER\main.c(23): warning:  #1295-D: Deprecated declaration my_task1 - give arg types
linking...
Program Size: Code=14016 RO-data=336 RW-data=136 ZI-data=18672  
FromELF: creating hex file...
".\OBJ\Proj1_test.axf" - 0 Error(s), 1 Warning(s).
Build target 'Target 1'
compiling main.c...
USER\main.c(24): warning:  #1295-D: Deprecated declaration my_task1 - give arg types
linking...
Program Size: Code=14016 RO-data=336 RW-data=136 ZI-data=18672  
FromELF: creating hex file...
".\OBJ\Proj1_test.axf" - 0 Error(s), 1 Warning(s).
Build target 'Target 1'
compiling main.c...
USER\main.c(24): warning:  #1295-D: Deprecated declaration my_task1 - give arg types
linking...
Program Size: Code=14016 RO-data=336 RW-data=136 ZI-data=18680  
FromELF: creating hex file...
".\OBJ\Proj1_test.axf" - 0 Error(s), 1 Warning(s).
Build target 'Target 1'
compiling main.c...
USER\main.c(24): warning:  #1295-D: Deprecated declaration my_task1 - give arg types
linking...
Program Size: Code=14016 RO-data=336 RW-data=136 ZI-data=18760  
FromELF: creating hex file...
".\OBJ\Proj1_test.axf" - 0 Error(s), 1 Warning(s).
Build target 'Target 1'
linking...
Program Size: Code=14016 RO-data=336 RW-data=136 ZI-data=18760  
FromELF: creating hex file...
".\OBJ\Proj1_test.axf" - 0 Error(s), 0 Warning(s).
Build target 'Target 1'
compiling croutine.c...
compiling event_groups.c...
compiling list.c...
compiling queue.c...
compiling tasks.c...
compiling timers.c...
compiling heap_2.c...
compiling port.c...
compiling main.c...
USER\main.c(24): warning:  #1295-D: Deprecated declaration my_task1 - give arg types
linking...
Program Size: Code=14016 RO-data=336 RW-data=136 ZI-data=18760  
FromELF: creating hex file...
".\OBJ\Proj1_test.axf" - 0 Error(s), 1 Warning(s).
Build target 'Target 1'
compiling croutine.c...
.\FreeRTOS\protable\portmacro.h(172): error:  #35: #error directive: configUSE_PORT_OPTIMISED_TASK_SELECTION can only be set to 1 when configMAX_PRIORITIES is less than or equal to 32.  It is very rare that a system requires more than 10 to 15 difference priorities as tasks that share a priority will time slice.
compiling event_groups.c...
.\FreeRTOS\protable\portmacro.h(172): error:  #35: #error directive: configUSE_PORT_OPTIMISED_TASK_SELECTION can only be set to 1 when configMAX_PRIORITIES is less than or equal to 32.  It is very rare that a system requires more than 10 to 15 difference priorities as tasks that share a priority will time slice.
compiling list.c...
.\FreeRTOS\protable\portmacro.h(172): error:  #35: #error directive: configUSE_PORT_OPTIMISED_TASK_SELECTION can only be set to 1 when configMAX_PRIORITIES is less than or equal to 32.  It is very rare that a system requires more than 10 to 15 difference priorities as tasks that share a priority will time slice.
compiling queue.c...
.\FreeRTOS\protable\portmacro.h(172): error:  #35: #error directive: configUSE_PORT_OPTIMISED_TASK_SELECTION can only be set to 1 when configMAX_PRIORITIES is less than or equal to 32.  It is very rare that a system requires more than 10 to 15 difference priorities as tasks that share a priority will time slice.
compiling tasks.c...
.\FreeRTOS\protable\portmacro.h(172): error:  #35: #error directive: configUSE_PORT_OPTIMISED_TASK_SELECTION can only be set to 1 when configMAX_PRIORITIES is less than or equal to 32.  It is very rare that a system requires more than 10 to 15 difference priorities as tasks that share a priority will time slice.
compiling timers.c...
.\FreeRTOS\protable\portmacro.h(172): error:  #35: #error directive: configUSE_PORT_OPTIMISED_TASK_SELECTION can only be set to 1 when configMAX_PRIORITIES is less than or equal to 32.  It is very rare that a system requires more than 10 to 15 difference priorities as tasks that share a priority will time slice.
compiling heap_2.c...
.\FreeRTOS\protable\portmacro.h(172): error:  #35: #error directive: configUSE_PORT_OPTIMISED_TASK_SELECTION can only be set to 1 when configMAX_PRIORITIES is less than or equal to 32.  It is very rare that a system requires more than 10 to 15 difference priorities as tasks that share a priority will time slice.
compiling port.c...
.\FreeRTOS\protable\portmacro.h(172): error:  #35: #error directive: configUSE_PORT_OPTIMISED_TASK_SELECTION can only be set to 1 when configMAX_PRIORITIES is less than or equal to 32.  It is very rare that a system requires more than 10 to 15 difference priorities as tasks that share a priority will time slice.
compiling main.c...
.\FreeRTOS\protable\portmacro.h(172): error:  #35: #error directive: configUSE_PORT_OPTIMISED_TASK_SELECTION can only be set to 1 when configMAX_PRIORITIES is less than or equal to 32.  It is very rare that a system requires more than 10 to 15 difference priorities as tasks that share a priority will time slice.
Target not created
Rebuild target 'Target 1'
compiling core_cm3.c...
compiling system_stm32f10x.c...
assembling startup_stm32f10x_hd.s...
compiling misc.c...
compiling stm32f10x_adc.c...
compiling stm32f10x_bkp.c...
compiling stm32f10x_can.c...
compiling stm32f10x_cec.c...
compiling stm32f10x_crc.c...
compiling stm32f10x_dac.c...
compiling stm32f10x_dbgmcu.c...
compiling stm32f10x_dma.c...
compiling stm32f10x_exti.c...
compiling stm32f10x_flash.c...
compiling stm32f10x_fsmc.c...
compiling stm32f10x_gpio.c...
compiling stm32f10x_i2c.c...
compiling stm32f10x_iwdg.c...
compiling stm32f10x_pwr.c...
compiling stm32f10x_rcc.c...
compiling stm32f10x_rtc.c...
compiling stm32f10x_sdio.c...
compiling stm32f10x_spi.c...
compiling stm32f10x_tim.c...
compiling stm32f10x_usart.c...
compiling stm32f10x_wwdg.c...
compiling croutine.c...
compiling event_groups.c...
compiling list.c...
compiling queue.c...
compiling tasks.c...
compiling timers.c...
compiling heap_2.c...
compiling port.c...
compiling beep.c...
compiling delay.c...
compiling lcd.c...
compiling main.c...
USER\main.c(24): warning:  #1295-D: Deprecated declaration my_task1 - give arg types
compiling stm32f10x_it.c...
compiling uart.c...
linking...
Program Size: Code=14016 RO-data=336 RW-data=136 ZI-data=18672  
FromELF: creating hex file...
".\OBJ\Proj1_test.axf" - 0 Error(s), 1 Warning(s).
Build target 'Target 1'
compiling main.c...
USER\main.c(24): warning:  #1295-D: Deprecated declaration my_task1 - give arg types
linking...
Program Size: Code=14024 RO-data=336 RW-data=136 ZI-data=18672  
FromELF: creating hex file...
".\OBJ\Proj1_test.axf" - 0 Error(s), 1 Warning(s).
Build target 'Target 1'
compiling croutine.c...
compiling event_groups.c...
compiling list.c...
compiling queue.c...
compiling tasks.c...
compiling timers.c...
compiling heap_2.c...
compiling port.c...
compiling main.c...
USER\main.c(24): warning:  #1295-D: Deprecated declaration my_task1 - give arg types
linking...
Program Size: Code=14024 RO-data=336 RW-data=136 ZI-data=18872  
FromELF: creating hex file...
".\OBJ\Proj1_test.axf" - 0 Error(s), 1 Warning(s).
Build target 'Target 1'
compiling croutine.c...
.\FreeRTOS\protable\portmacro.h(172): error:  #35: #error directive: configUSE_PORT_OPTIMISED_TASK_SELECTION can only be set to 1 when configMAX_PRIORITIES is less than or equal to 32.  It is very rare that a system requires more than 10 to 15 difference priorities as tasks that share a priority will time slice.
compiling event_groups.c...
.\FreeRTOS\protable\portmacro.h(172): error:  #35: #error directive: configUSE_PORT_OPTIMISED_TASK_SELECTION can only be set to 1 when configMAX_PRIORITIES is less than or equal to 32.  It is very rare that a system requires more than 10 to 15 difference priorities as tasks that share a priority will time slice.
compiling list.c...
.\FreeRTOS\protable\portmacro.h(172): error:  #35: #error directive: configUSE_PORT_OPTIMISED_TASK_SELECTION can only be set to 1 when configMAX_PRIORITIES is less than or equal to 32.  It is very rare that a system requires more than 10 to 15 difference priorities as tasks that share a priority will time slice.
compiling queue.c...
.\FreeRTOS\protable\portmacro.h(172): error:  #35: #error directive: configUSE_PORT_OPTIMISED_TASK_SELECTION can only be set to 1 when configMAX_PRIORITIES is less than or equal to 32.  It is very rare that a system requires more than 10 to 15 difference priorities as tasks that share a priority will time slice.
compiling tasks.c...
.\FreeRTOS\protable\portmacro.h(172): error:  #35: #error directive: configUSE_PORT_OPTIMISED_TASK_SELECTION can only be set to 1 when configMAX_PRIORITIES is less than or equal to 32.  It is very rare that a system requires more than 10 to 15 difference priorities as tasks that share a priority will time slice.
compiling timers.c...
.\FreeRTOS\protable\portmacro.h(172): error:  #35: #error directive: configUSE_PORT_OPTIMISED_TASK_SELECTION can only be set to 1 when configMAX_PRIORITIES is less than or equal to 32.  It is very rare that a system requires more than 10 to 15 difference priorities as tasks that share a priority will time slice.
compiling heap_2.c...
.\FreeRTOS\protable\portmacro.h(172): error:  #35: #error directive: configUSE_PORT_OPTIMISED_TASK_SELECTION can only be set to 1 when configMAX_PRIORITIES is less than or equal to 32.  It is very rare that a system requires more than 10 to 15 difference priorities as tasks that share a priority will time slice.
compiling port.c...
.\FreeRTOS\protable\portmacro.h(172): error:  #35: #error directive: configUSE_PORT_OPTIMISED_TASK_SELECTION can only be set to 1 when configMAX_PRIORITIES is less than or equal to 32.  It is very rare that a system requires more than 10 to 15 difference priorities as tasks that share a priority will time slice.
compiling main.c...
.\FreeRTOS\protable\portmacro.h(172): error:  #35: #error directive: configUSE_PORT_OPTIMISED_TASK_SELECTION can only be set to 1 when configMAX_PRIORITIES is less than or equal to 32.  It is very rare that a system requires more than 10 to 15 difference priorities as tasks that share a priority will time slice.
Target not created
Build target 'Target 1'
compiling croutine.c...
compiling event_groups.c...
compiling list.c...
compiling queue.c...
compiling tasks.c...
compiling timers.c...
compiling heap_2.c...
compiling port.c...
compiling main.c...
USER\main.c(24): warning:  #1295-D: Deprecated declaration my_task1 - give arg types
linking...
Program Size: Code=13920 RO-data=336 RW-data=136 ZI-data=19856  
FromELF: creating hex file...
".\OBJ\Proj1_test.axf" - 0 Error(s), 1 Warning(s).
Build target 'Target 1'
compiling main.c...
USER\main.c(24): warning:  #1295-D: Deprecated declaration my_task1 - give arg types
linking...
Program Size: Code=13920 RO-data=336 RW-data=136 ZI-data=19944  
FromELF: creating hex file...
".\OBJ\Proj1_test.axf" - 0 Error(s), 1 Warning(s).
Build target 'Target 1'
compiling main.c...
USER\main.c(24): warning:  #1295-D: Deprecated declaration my_task1 - give arg types
linking...
Program Size: Code=13920 RO-data=336 RW-data=136 ZI-data=19936  
FromELF: creating hex file...
".\OBJ\Proj1_test.axf" - 0 Error(s), 1 Warning(s).
Build target 'Target 1'
linking...
Program Size: Code=13920 RO-data=336 RW-data=136 ZI-data=19936  
FromELF: creating hex file...
".\OBJ\Proj1_test.axf" - 0 Error(s), 0 Warning(s).
Build target 'Target 1'
compiling croutine.c...
compiling event_groups.c...
compiling list.c...
compiling queue.c...
compiling tasks.c...
compiling timers.c...
compiling heap_2.c...
compiling port.c...
compiling main.c...
USER\main.c(24): warning:  #1295-D: Deprecated declaration my_task1 - give arg types
linking...
Program Size: Code=13920 RO-data=336 RW-data=136 ZI-data=35296  
FromELF: creating hex file...
".\OBJ\Proj1_test.axf" - 0 Error(s), 1 Warning(s).
Build target 'Target 1'
compiling main.c...
USER\main.c(24): warning:  #1295-D: Deprecated declaration my_task1 - give arg types
linking...
Program Size: Code=13920 RO-data=336 RW-data=136 ZI-data=35432  
FromELF: creating hex file...
".\OBJ\Proj1_test.axf" - 0 Error(s), 1 Warning(s).
Build target 'Target 1'
compiling croutine.c...
compiling event_groups.c...
compiling list.c...
compiling queue.c...
compiling tasks.c...
compiling timers.c...
compiling heap_2.c...
compiling port.c...
compiling main.c...
USER\main.c(24): warning:  #1295-D: Deprecated declaration my_task1 - give arg types
linking...
Program Size: Code=13920 RO-data=336 RW-data=136 ZI-data=64104  
FromELF: creating hex file...
".\OBJ\Proj1_test.axf" - 0 Error(s), 1 Warning(s).
Build target 'Target 1'
compiling croutine.c...
compiling event_groups.c...
compiling list.c...
compiling queue.c...
compiling tasks.c...
compiling timers.c...
compiling heap_2.c...
compiling port.c...
compiling main.c...
USER\main.c(24): warning:  #1295-D: Deprecated declaration my_task1 - give arg types
linking...
Program Size: Code=13920 RO-data=336 RW-data=136 ZI-data=64104  
FromELF: creating hex file...
".\OBJ\Proj1_test.axf" - 0 Error(s), 1 Warning(s).
Build target 'Target 1'
compiling main.c...
USER\main.c(24): warning:  #1295-D: Deprecated declaration my_task1 - give arg types
linking...
Program Size: Code=13920 RO-data=336 RW-data=136 ZI-data=63864  
FromELF: creating hex file...
".\OBJ\Proj1_test.axf" - 0 Error(s), 1 Warning(s).
Build target 'Target 1'
compiling main.c...
USER\main.c(24): warning:  #1295-D: Deprecated declaration my_task1 - give arg types
linking...
Program Size: Code=13920 RO-data=336 RW-data=148 ZI-data=63844  
FromELF: creating hex file...
".\OBJ\Proj1_test.axf" - 0 Error(s), 1 Warning(s).
