<html>
<body>
<pre>
<h1>µVision Build Log</h1>
<h2>Project:</h2>
C:\MyFiles\MyFreeRTOSProj\Proj1_test\Proj1_test.uvproj
Project File Date:  12/10/2016

<h2>Output:</h2>
Build target 'Target 1'
compiling system_stm32f10x.c...
compiling misc.c...
compiling stm32f10x_adc.c...
compiling stm32f10x_bkp.c...
compiling stm32f10x_can.c...
compiling stm32f10x_cec.c...
compiling stm32f10x_crc.c...
compiling stm32f10x_dac.c...
compiling stm32f10x_dbgmcu.c...
compiling stm32f10x_dma.c...
compiling stm32f10x_exti.c...
compiling stm32f10x_flash.c...
compiling stm32f10x_fsmc.c...
compiling stm32f10x_gpio.c...
compiling stm32f10x_i2c.c...
compiling stm32f10x_iwdg.c...
compiling stm32f10x_pwr.c...
compiling stm32f10x_rcc.c...
compiling stm32f10x_rtc.c...
compiling stm32f10x_sdio.c...
compiling stm32f10x_spi.c...
compiling stm32f10x_tim.c...
compiling stm32f10x_usart.c...
compiling stm32f10x_wwdg.c...
compiling croutine.c...
compiling event_groups.c...
compiling list.c...
compiling queue.c...
compiling tasks.c...
compiling timers.c...
compiling heap_2.c...
compiling port.c...
compiling beep.c...
compiling delay.c...
compiling lcd.c...
compiling main.c...
USER\main.c(24): warning:  #1295-D: Deprecated declaration my_task1 - give arg types
USER\main.c(28): error:  #20: identifier "SemaphoreHandle_t" is undefined
USER\main.c(36): warning:  #223-D: function "xSemaphoreCreateMutex" declared implicitly
USER\main.c(78): warning:  #223-D: function "xSemaphoreTake" declared implicitly
USER\main.c(88): warning:  #223-D: function "xSemaphoreGive" declared implicitly
USER\main.c(50): warning:  #177-D: variable "i" was declared but never referenced
compiling stm32f10x_it.c...
compiling uart.c...
Target not created
Build target 'Target 1'
compiling main.c...
USER\main.c(25): warning:  #1295-D: Deprecated declaration my_task1 - give arg types
USER\main.c(51): warning:  #177-D: variable "i" was declared but never referenced
linking...
.\OBJ\Proj1_test.axf: Error: L6218E: Undefined symbol xQueueCreateMutex (referred from main.o).
Target not created
Build target 'Target 1'
compiling main.c...
USER\main.c(26): warning:  #1295-D: Deprecated declaration my_task1 - give arg types
USER\main.c(52): warning:  #177-D: variable "i" was declared but never referenced
linking...
.\OBJ\Proj1_test.axf: Error: L6218E: Undefined symbol xQueueCreateMutex (referred from main.o).
Target not created
Build target 'Target 1'
compiling main.c...
USER\main.c(26): warning:  #1295-D: Deprecated declaration my_task1 - give arg types
USER\main.c(52): warning:  #177-D: variable "i" was declared but never referenced
linking...
.\OBJ\Proj1_test.axf: Error: L6218E: Undefined symbol xQueueCreateMutex (referred from main.o).
Target not created
compiling queue.c...
FreeRTOS\Source\queue.c - 0 Error(s), 0 Warning(s).
Build target 'Target 1'
linking...
.\OBJ\Proj1_test.axf: Error: L6218E: Undefined symbol xQueueCreateMutex (referred from main.o).
Target not created
Build target 'Target 1'
compiling croutine.c...
compiling event_groups.c...
compiling list.c...
compiling queue.c...
compiling tasks.c...
compiling timers.c...
compiling heap_2.c...
compiling port.c...
compiling main.c...
USER\main.c(26): warning:  #1295-D: Deprecated declaration my_task1 - give arg types
USER\main.c(52): warning:  #177-D: variable "i" was declared but never referenced
linking...
Program Size: Code=15992 RO-data=336 RW-data=152 ZI-data=63848  
FromELF: creating hex file...
".\OBJ\Proj1_test.axf" - 0 Error(s), 2 Warning(s).
Build target 'Target 1'
compiling main.c...
USER\main.c(26): warning:  #1295-D: Deprecated declaration my_task1 - give arg types
USER\main.c(87): warning:  #223-D: function "time2_time1" declared implicitly
USER\main.c(52): warning:  #177-D: variable "i" was declared but never referenced
USER\main.c(140): warning:  #1294-D: Old-style function time2_time1
USER\main.c(140): error:  #159: declaration is incompatible with previous "time2_time1" (declared at line 87)
Target not created
Build target 'Target 1'
compiling main.c...
USER\main.c(26): warning:  #1295-D: Deprecated declaration my_task1 - give arg types
USER\main.c(28): error:  #92: identifier-list parameters may only be used in a function definition
USER\main.c(53): warning:  #177-D: variable "i" was declared but never referenced
USER\main.c(141): warning:  #1294-D: Old-style function time2_time1
Target not created
Build target 'Target 1'
compiling main.c...
USER\main.c(26): warning:  #1295-D: Deprecated declaration my_task1 - give arg types
USER\main.c(53): warning:  #177-D: variable "i" was declared but never referenced
linking...
Program Size: Code=16036 RO-data=336 RW-data=152 ZI-data=63848  
FromELF: creating hex file...
".\OBJ\Proj1_test.axf" - 0 Error(s), 2 Warning(s).
Build target 'Target 1'
compiling main.c...
USER\main.c(26): warning:  #1295-D: Deprecated declaration my_task1 - give arg types
USER\main.c(53): warning:  #177-D: variable "i" was declared but never referenced
linking...
Program Size: Code=16016 RO-data=336 RW-data=152 ZI-data=63848  
FromELF: creating hex file...
".\OBJ\Proj1_test.axf" - 0 Error(s), 2 Warning(s).
Build target 'Target 1'
compiling main.c...
USER\main.c(26): warning:  #1295-D: Deprecated declaration my_task1 - give arg types
USER\main.c(60): error:  #268: declaration may not appear after executable statement in block
USER\main.c(61): error:  #268: declaration may not appear after executable statement in block
Target not created
Build target 'Target 1'
compiling main.c...
USER\main.c(26): warning:  #1295-D: Deprecated declaration my_task1 - give arg types
USER\main.c(59): error:  #268: declaration may not appear after executable statement in block
USER\main.c(60): error:  #268: declaration may not appear after executable statement in block
Target not created
Build target 'Target 1'
compiling main.c...
USER\main.c(26): warning:  #1295-D: Deprecated declaration my_task1 - give arg types
linking...
Program Size: Code=15996 RO-data=336 RW-data=156 ZI-data=63844  
FromELF: creating hex file...
".\OBJ\Proj1_test.axf" - 0 Error(s), 1 Warning(s).
Build target 'Target 1'
compiling main.c...
USER\main.c(26): warning:  #1295-D: Deprecated declaration my_task1 - give arg types
USER\main.c(111): error:  #167: argument of type "volatile char *" is incompatible with parameter of type "const void *const"
Target not created
Build target 'Target 1'
compiling main.c...
USER\main.c(26): warning:  #1295-D: Deprecated declaration my_task1 - give arg types
linking...
Program Size: Code=15996 RO-data=336 RW-data=156 ZI-data=63844  
FromELF: creating hex file...
".\OBJ\Proj1_test.axf" - 0 Error(s), 1 Warning(s).
Build target 'Target 1'
compiling main.c...
USER\main.c(26): warning:  #1295-D: Deprecated declaration my_task1 - give arg types
USER\main.c(111): error:  #167: argument of type "char" is incompatible with parameter of type "const void *const"
Target not created
Build target 'Target 1'
compiling main.c...
USER\main.c(26): warning:  #1295-D: Deprecated declaration my_task1 - give arg types
linking...
Program Size: Code=15996 RO-data=336 RW-data=156 ZI-data=63844  
FromELF: creating hex file...
".\OBJ\Proj1_test.axf" - 0 Error(s), 1 Warning(s).
Build target 'Target 1'
compiling main.c...
USER\main.c(26): warning:  #1295-D: Deprecated declaration my_task1 - give arg types
linking...
Program Size: Code=15996 RO-data=336 RW-data=156 ZI-data=63844  
FromELF: creating hex file...
".\OBJ\Proj1_test.axf" - 0 Error(s), 1 Warning(s).
Build target 'Target 1'
compiling main.c...
USER\main.c(26): warning:  #1295-D: Deprecated declaration my_task1 - give arg types
USER\main.c(57): warning:  #177-D: variable "msg" was declared but never referenced
linking...
Program Size: Code=16000 RO-data=336 RW-data=156 ZI-data=63844  
FromELF: creating hex file...
".\OBJ\Proj1_test.axf" - 0 Error(s), 2 Warning(s).
Rebuild target 'Target 1'
compiling core_cm3.c...
compiling system_stm32f10x.c...
assembling startup_stm32f10x_hd.s...
compiling misc.c...
compiling stm32f10x_adc.c...
compiling stm32f10x_bkp.c...
Project build/rebuild aborted.
Target not created
Build target 'Target 1'
compiling main.c...
USER\main.c(26): warning:  #1295-D: Deprecated declaration my_task1 - give arg types
USER\main.c(57): warning:  #177-D: variable "msg" was declared but never referenced
linking...
Program Size: Code=16000 RO-data=336 RW-data=156 ZI-data=63844  
FromELF: creating hex file...
".\OBJ\Proj1_test.axf" - 0 Error(s), 2 Warning(s).
Build target 'Target 1'
compiling croutine.c...
compiling event_groups.c...
compiling list.c...
compiling queue.c...
compiling tasks.c...
compiling timers.c...
compiling heap_2.c...
compiling port.c...
compiling main.c...
USER\main.c(26): warning:  #1295-D: Deprecated declaration my_task1 - give arg types
USER\main.c(57): warning:  #177-D: variable "msg" was declared but never referenced
linking...
Program Size: Code=16004 RO-data=336 RW-data=156 ZI-data=63844  
FromELF: creating hex file...
".\OBJ\Proj1_test.axf" - 0 Error(s), 2 Warning(s).
Build target 'Target 1'
compiling main.c...
USER\main.c(26): warning:  #1295-D: Deprecated declaration my_task1 - give arg types
USER\main.c(57): warning:  #177-D: variable "msg" was declared but never referenced
linking...
Program Size: Code=16004 RO-data=336 RW-data=156 ZI-data=63844  
FromELF: creating hex file...
".\OBJ\Proj1_test.axf" - 0 Error(s), 2 Warning(s).
Build target 'Target 1'
compiling main.c...
USER\main.c(26): warning:  #1295-D: Deprecated declaration my_task1 - give arg types
USER\main.c(57): warning:  #177-D: variable "msg" was declared but never referenced
linking...
Program Size: Code=16004 RO-data=336 RW-data=156 ZI-data=63844  
FromELF: creating hex file...
".\OBJ\Proj1_test.axf" - 0 Error(s), 2 Warning(s).
Build target 'Target 1'
linking...
Program Size: Code=16004 RO-data=336 RW-data=156 ZI-data=63844  
FromELF: creating hex file...
".\OBJ\Proj1_test.axf" - 0 Error(s), 0 Warning(s).
Build target 'Target 1'
linking...
Program Size: Code=16004 RO-data=336 RW-data=156 ZI-data=63844  
FromELF: creating hex file...
".\OBJ\Proj1_test.axf" - 0 Error(s), 0 Warning(s).
Build target 'Target 1'
compiling main.c...
USER\main.c(26): warning:  #1295-D: Deprecated declaration my_task1 - give arg types
USER\main.c(58): warning:  #177-D: variable "msg" was declared but never referenced
linking...
Program Size: Code=16004 RO-data=336 RW-data=156 ZI-data=63844  
FromELF: creating hex file...
".\OBJ\Proj1_test.axf" - 0 Error(s), 2 Warning(s).
Build target 'Target 1'
compiling main.c...
USER\main.c(26): warning:  #1295-D: Deprecated declaration my_task1 - give arg types
USER\main.c(58): warning:  #177-D: variable "msg" was declared but never referenced
linking...
Program Size: Code=16004 RO-data=336 RW-data=156 ZI-data=63844  
FromELF: creating hex file...
".\OBJ\Proj1_test.axf" - 0 Error(s), 2 Warning(s).
Build target 'Target 1'
compiling main.c...
USER\main.c(26): warning:  #1295-D: Deprecated declaration my_task1 - give arg types
USER\main.c(113): error:  #20: identifier "pdTURE" is undefined
USER\main.c(58): warning:  #177-D: variable "msg" was declared but never referenced
Target not created
Build target 'Target 1'
compiling main.c...
USER\main.c(26): warning:  #1295-D: Deprecated declaration my_task1 - give arg types
USER\main.c(58): warning:  #177-D: variable "msg" was declared but never referenced
linking...
Program Size: Code=16036 RO-data=336 RW-data=156 ZI-data=63844  
FromELF: creating hex file...
".\OBJ\Proj1_test.axf" - 0 Error(s), 2 Warning(s).
Build target 'Target 1'
compiling main.c...
USER\main.c(26): warning:  #1295-D: Deprecated declaration my_task1 - give arg types
USER\main.c(58): warning:  #177-D: variable "msg" was declared but never referenced
linking...
Program Size: Code=16100 RO-data=336 RW-data=156 ZI-data=63844  
FromELF: creating hex file...
".\OBJ\Proj1_test.axf" - 0 Error(s), 2 Warning(s).
Build target 'Target 1'
compiling main.c...
USER\main.c(26): warning:  #1295-D: Deprecated declaration my_task1 - give arg types
USER\main.c(58): warning:  #177-D: variable "msg" was declared but never referenced
linking...
Program Size: Code=16100 RO-data=336 RW-data=156 ZI-data=63844  
FromELF: creating hex file...
".\OBJ\Proj1_test.axf" - 0 Error(s), 2 Warning(s).
Build target 'Target 1'
compiling main.c...
USER\main.c(26): warning:  #1295-D: Deprecated declaration my_task1 - give arg types
USER\main.c(58): warning:  #177-D: variable "msg" was declared but never referenced
linking...
Program Size: Code=16064 RO-data=336 RW-data=156 ZI-data=63844  
FromELF: creating hex file...
".\OBJ\Proj1_test.axf" - 0 Error(s), 2 Warning(s).
Build target 'Target 1'
compiling main.c...
USER\main.c(26): warning:  #1295-D: Deprecated declaration my_task1 - give arg types
USER\main.c(58): warning:  #177-D: variable "msg" was declared but never referenced
linking...
Program Size: Code=16064 RO-data=336 RW-data=156 ZI-data=63844  
FromELF: creating hex file...
".\OBJ\Proj1_test.axf" - 0 Error(s), 2 Warning(s).
Rebuild target 'Target 1'
compiling core_cm3.c...
compiling system_stm32f10x.c...
assembling startup_stm32f10x_hd.s...
compiling misc.c...
Project build/rebuild aborted.
Target not created
Build target 'Target 1'
compiling main.c...
USER\main.c(26): warning:  #1295-D: Deprecated declaration my_task1 - give arg types
USER\main.c(58): warning:  #177-D: variable "msg" was declared but never referenced
linking...
Program Size: Code=16064 RO-data=336 RW-data=156 ZI-data=63844  
FromELF: creating hex file...
".\OBJ\Proj1_test.axf" - 0 Error(s), 2 Warning(s).
Build target 'Target 1'
compiling main.c...
USER\main.c(26): warning:  #1295-D: Deprecated declaration my_task1 - give arg types
USER\main.c(111): error:  #20: identifier "a" is undefined
USER\main.c(57): warning:  #177-D: variable "msg" was declared but never referenced
Target not created
Build target 'Target 1'
compiling main.c...
USER\main.c(26): warning:  #1295-D: Deprecated declaration my_task1 - give arg types
linking...
Program Size: Code=16068 RO-data=336 RW-data=156 ZI-data=63844  
FromELF: creating hex file...
".\OBJ\Proj1_test.axf" - 0 Error(s), 1 Warning(s).
Build target 'Target 1'
compiling main.c...
USER\main.c(26): warning:  #1295-D: Deprecated declaration my_task1 - give arg types
linking...
Program Size: Code=16160 RO-data=336 RW-data=156 ZI-data=63844  
FromELF: creating hex file...
".\OBJ\Proj1_test.axf" - 0 Error(s), 1 Warning(s).
Build target 'Target 1'
compiling main.c...
USER\main.c(26): warning:  #1295-D: Deprecated declaration my_task1 - give arg types
USER\main.c(36): warning:  #177-D: variable "i" was declared but never referenced
linking...
Program Size: Code=16016 RO-data=336 RW-data=156 ZI-data=63844  
FromELF: creating hex file...
".\OBJ\Proj1_test.axf" - 0 Error(s), 2 Warning(s).
Build target 'Target 1'
compiling main.c...
USER\main.c(26): warning:  #1295-D: Deprecated declaration my_task1 - give arg types
USER\main.c(36): warning:  #177-D: variable "i" was declared but never referenced
linking...
Program Size: Code=16016 RO-data=336 RW-data=156 ZI-data=63844  
FromELF: creating hex file...
".\OBJ\Proj1_test.axf" - 0 Error(s), 2 Warning(s).
Build target 'Target 1'
compiling main.c...
USER\main.c(27): warning:  #1295-D: Deprecated declaration my_task1 - give arg types
USER\main.c(37): warning:  #177-D: variable "i" was declared but never referenced
USER\main.c(52): warning:  #177-D: variable "i" was declared but never referenced
USER\main.c(53): warning:  #177-D: variable "msg" was declared but never referenced
USER\main.c(54): warning:  #177-D: variable "getMsg" was declared but never referenced
USER\main.c(137): error:  #20: identifier "temp" is undefined
USER\main.c(141): error:  #20: identifier "Null" is undefined
USER\main.c(142): error:  #20: identifier "myProi" is undefined
Target not created
Build target 'Target 1'
compiling main.c...
USER\main.c(27): warning:  #1295-D: Deprecated declaration my_task1 - give arg types
USER\main.c(37): warning:  #177-D: variable "i" was declared but never referenced
USER\main.c(52): warning:  #177-D: variable "i" was declared but never referenced
USER\main.c(53): warning:  #177-D: variable "msg" was declared but never referenced
USER\main.c(54): warning:  #177-D: variable "getMsg" was declared but never referenced
USER\main.c(137): error:  #20: identifier "temp" is undefined
USER\main.c(141): error:  #20: identifier "Null" is undefined
USER\main.c(142): error:  #20: identifier "myProi" is undefined
Target not created
Build target 'Target 1'
compiling main.c...
USER\main.c(27): warning:  #1295-D: Deprecated declaration my_task1 - give arg types
USER\main.c(37): warning:  #177-D: variable "i" was declared but never referenced
USER\main.c(52): warning:  #177-D: variable "i" was declared but never referenced
USER\main.c(53): warning:  #177-D: variable "msg" was declared but never referenced
USER\main.c(54): warning:  #177-D: variable "getMsg" was declared but never referenced
USER\main.c(141): error:  #20: identifier "Null" is undefined
USER\main.c(142): error:  #20: identifier "myProi" is undefined
Target not created
Build target 'Target 1'
compiling main.c...
USER\main.c(27): warning:  #1295-D: Deprecated declaration my_task1 - give arg types
USER\main.c(37): warning:  #177-D: variable "i" was declared but never referenced
USER\main.c(52): warning:  #177-D: variable "i" was declared but never referenced
USER\main.c(53): warning:  #177-D: variable "msg" was declared but never referenced
USER\main.c(54): warning:  #177-D: variable "getMsg" was declared but never referenced
USER\main.c(142): error:  #20: identifier "myProi" is undefined
Target not created
Build target 'Target 1'
compiling main.c...
USER\main.c(27): warning:  #1295-D: Deprecated declaration my_task1 - give arg types
USER\main.c(37): warning:  #177-D: variable "i" was declared but never referenced
USER\main.c(52): warning:  #177-D: variable "i" was declared but never referenced
USER\main.c(53): warning:  #177-D: variable "msg" was declared but never referenced
USER\main.c(54): warning:  #177-D: variable "getMsg" was declared but never referenced
linking...
Program Size: Code=15884 RO-data=336 RW-data=160 ZI-data=63848  
FromELF: creating hex file...
".\OBJ\Proj1_test.axf" - 0 Error(s), 5 Warning(s).
Build target 'Target 1'
compiling main.c...
USER\main.c(27): warning:  #1295-D: Deprecated declaration my_task1 - give arg types
USER\main.c(37): warning:  #177-D: variable "i" was declared but never referenced
USER\main.c(52): warning:  #177-D: variable "i" was declared but never referenced
USER\main.c(53): warning:  #177-D: variable "msg" was declared but never referenced
USER\main.c(54): warning:  #177-D: variable "getMsg" was declared but never referenced
linking...
Program Size: Code=15884 RO-data=336 RW-data=152 ZI-data=63864  
FromELF: creating hex file...
".\OBJ\Proj1_test.axf" - 0 Error(s), 5 Warning(s).
Build target 'Target 1'
compiling main.c...
USER\main.c(27): warning:  #1295-D: Deprecated declaration my_task1 - give arg types
USER\main.c(37): warning:  #177-D: variable "i" was declared but never referenced
USER\main.c(53): warning:  #177-D: variable "msg" was declared but never referenced
USER\main.c(54): warning:  #177-D: variable "getMsg" was declared but never referenced
linking...
Program Size: Code=15932 RO-data=336 RW-data=152 ZI-data=63864  
FromELF: creating hex file...
".\OBJ\Proj1_test.axf" - 0 Error(s), 4 Warning(s).
Build target 'Target 1'
compiling croutine.c...
compiling event_groups.c...
compiling list.c...
compiling queue.c...
compiling tasks.c...
compiling timers.c...
compiling heap_2.c...
compiling port.c...
compiling main.c...
USER\main.c(27): warning:  #1295-D: Deprecated declaration my_task1 - give arg types
USER\main.c(37): warning:  #177-D: variable "i" was declared but never referenced
USER\main.c(53): warning:  #177-D: variable "msg" was declared but never referenced
USER\main.c(54): warning:  #177-D: variable "getMsg" was declared but never referenced
linking...
Program Size: Code=15924 RO-data=336 RW-data=152 ZI-data=63904  
FromELF: creating hex file...
".\OBJ\Proj1_test.axf" - 0 Error(s), 4 Warning(s).
Build target 'Target 1'
compiling main.c...
USER\main.c(27): warning:  #1295-D: Deprecated declaration my_task1 - give arg types
USER\main.c(37): warning:  #177-D: variable "i" was declared but never referenced
USER\main.c(53): warning:  #177-D: variable "msg" was declared but never referenced
USER\main.c(54): warning:  #177-D: variable "getMsg" was declared but never referenced
linking...
Program Size: Code=15924 RO-data=336 RW-data=152 ZI-data=64064  
FromELF: creating hex file...
".\OBJ\Proj1_test.axf" - 0 Error(s), 4 Warning(s).
Build target 'Target 1'
compiling main.c...
USER\main.c(27): warning:  #1295-D: Deprecated declaration my_task1 - give arg types
USER\main.c(37): warning:  #177-D: variable "i" was declared but never referenced
USER\main.c(53): warning:  #177-D: variable "msg" was declared but never referenced
USER\main.c(54): warning:  #177-D: variable "getMsg" was declared but never referenced
linking...
Program Size: Code=16036 RO-data=336 RW-data=152 ZI-data=64064  
FromELF: creating hex file...
".\OBJ\Proj1_test.axf" - 0 Error(s), 4 Warning(s).
Build target 'Target 1'
compiling main.c...
USER\main.c(27): warning:  #1295-D: Deprecated declaration my_task1 - give arg types
USER\main.c(37): warning:  #177-D: variable "i" was declared but never referenced
USER\main.c(53): warning:  #177-D: variable "msg" was declared but never referenced
USER\main.c(54): warning:  #177-D: variable "getMsg" was declared but never referenced
linking...
Program Size: Code=16036 RO-data=336 RW-data=152 ZI-data=64064  
FromELF: creating hex file...
".\OBJ\Proj1_test.axf" - 0 Error(s), 4 Warning(s).
Build target 'Target 1'
compiling main.c...
USER\main.c(27): warning:  #1295-D: Deprecated declaration my_task1 - give arg types
USER\main.c(52): warning:  #177-D: variable "msg" was declared but never referenced
USER\main.c(53): warning:  #177-D: variable "getMsg" was declared but never referenced
linking...
Program Size: Code=16036 RO-data=336 RW-data=152 ZI-data=64064  
FromELF: creating hex file...
".\OBJ\Proj1_test.axf" - 0 Error(s), 3 Warning(s).
Build target 'Target 1'
compiling main.c...
USER\main.c(27): warning:  #1295-D: Deprecated declaration my_task1 - give arg types
USER\main.c(52): warning:  #177-D: variable "msg" was declared but never referenced
USER\main.c(53): warning:  #177-D: variable "getMsg" was declared but never referenced
linking...
Program Size: Code=16088 RO-data=336 RW-data=152 ZI-data=64064  
FromELF: creating hex file...
".\OBJ\Proj1_test.axf" - 0 Error(s), 3 Warning(s).
Build target 'Target 1'
compiling main.c...
USER\main.c(27): warning:  #1295-D: Deprecated declaration my_task1 - give arg types
USER\main.c(51): warning:  #177-D: variable "i" was declared but never referenced
USER\main.c(52): warning:  #177-D: variable "msg" was declared but never referenced
USER\main.c(53): warning:  #177-D: variable "getMsg" was declared but never referenced
linking...
Program Size: Code=16036 RO-data=336 RW-data=152 ZI-data=63848  
FromELF: creating hex file...
".\OBJ\Proj1_test.axf" - 0 Error(s), 4 Warning(s).
Build target 'Target 1'
compiling main.c...
USER\main.c(27): warning:  #1295-D: Deprecated declaration my_task1 - give arg types
linking...
Program Size: Code=16040 RO-data=336 RW-data=152 ZI-data=63848  
FromELF: creating hex file...
".\OBJ\Proj1_test.axf" - 0 Error(s), 1 Warning(s).
Build target 'Target 1'
compiling main.c...
USER\main.c(27): warning:  #1295-D: Deprecated declaration my_task1 - give arg types
linking...
Program Size: Code=16008 RO-data=336 RW-data=152 ZI-data=63848  
FromELF: creating hex file...
".\OBJ\Proj1_test.axf" - 0 Error(s), 1 Warning(s).
Build target 'Target 1'
compiling main.c...
USER\main.c(27): warning:  #1295-D: Deprecated declaration my_task1 - give arg types
linking...
Program Size: Code=16008 RO-data=336 RW-data=152 ZI-data=63848  
FromELF: creating hex file...
".\OBJ\Proj1_test.axf" - 0 Error(s), 1 Warning(s).
Build target 'Target 1'
linking...
Program Size: Code=16008 RO-data=336 RW-data=152 ZI-data=63848  
FromELF: creating hex file...
".\OBJ\Proj1_test.axf" - 0 Error(s), 0 Warning(s).
Build target 'Target 1'
compiling main.c...
USER\main.c(27): warning:  #1295-D: Deprecated declaration my_task1 - give arg types
USER\main.c(52): warning:  #177-D: variable "msg" was declared but never referenced
USER\main.c(53): warning:  #177-D: variable "getMsg" was declared but never referenced
linking...
Program Size: Code=15932 RO-data=336 RW-data=152 ZI-data=64064  
FromELF: creating hex file...
".\OBJ\Proj1_test.axf" - 0 Error(s), 3 Warning(s).
